exports[`test JSX should render properly and match Snapshot 1`] = `[Function]`;
